src/context/FinancialContext.tsx(93,47): error TS2339: Property 'themes' does not exist on type '{ backgroundStart: string; backgroundEnd: string; backgroundMid: string; primaryText: string; secondaryText: string; glassBackground: string; glassBorder: string; glassBorderTop: string; ... 4 more ...; category: Record<...>; }'.
src/context/FinancialContext.tsx(94,40): error TS2339: Property 'themes' does not exist on type '{ backgroundStart: string; backgroundEnd: string; backgroundMid: string; primaryText: string; secondaryText: string; glassBackground: string; glassBorder: string; glassBorderTop: string; ... 4 more ...; category: Record<...>; }'.
src/db/FirebaseAdapter.ts(45,14): error TS2420: Class 'FirebaseAdapter' incorrectly implements interface 'DatabaseAdapter'.
  Type 'FirebaseAdapter' is missing the following properties from type 'DatabaseAdapter': getSavingsGoals, addSavingsGoal, updateSavingsGoal, addSavingsContribution
src/db/index.ts(39,7): error TS2739: Type 'FirebaseAdapter' is missing the following properties from type 'DatabaseAdapter': getSavingsGoals, addSavingsGoal, updateSavingsGoal, addSavingsContribution
src/screens/HomeScreen.tsx(559,22): error TS2304: Cannot find name 'theme'.
src/screens/HomeScreen.tsx(599,12): error TS2304: Cannot find name 'theme'.
src/screens/HomeScreen.tsx(683,22): error TS2304: Cannot find name 'theme'.
src/screens/ProfileScreen.tsx(137,36): error TS2339: Property 'themes' does not exist on type '{ backgroundStart: string; backgroundEnd: string; backgroundMid: string; primaryText: string; secondaryText: string; glassBackground: string; glassBorder: string; glassBorderTop: string; ... 4 more ...; category: Record<...>; } | { ...; }'.
  Property 'themes' does not exist on type '{ backgroundStart: string; backgroundEnd: string; backgroundMid: string; primaryText: string; secondaryText: string; glassBackground: string; glassBorder: string; glassBorderTop: string; ... 4 more ...; category: Record<...>; }'.
src/screens/ProfileScreen.tsx(137,70): error TS2339: Property 'themes' does not exist on type '{ backgroundStart: string; backgroundEnd: string; backgroundMid: string; primaryText: string; secondaryText: string; glassBackground: string; glassBorder: string; glassBorderTop: string; ... 4 more ...; category: Record<...>; } | { ...; }'.
  Property 'themes' does not exist on type '{ backgroundStart: string; backgroundEnd: string; backgroundMid: string; primaryText: string; secondaryText: string; glassBackground: string; glassBorder: string; glassBorderTop: string; ... 4 more ...; category: Record<...>; }'.
src/screens/ProfileScreen.tsx(652,22): error TS2304: Cannot find name 'theme'.
